---
source: ch2/src/pass/partial_evaluation.rs
expression: result.to_string_pretty()

---
(+ 3 (read))
