---
source: ch2/src/pass/partial.rs
expression: result.to_string_pretty()

---
(+ -4 (read))
