---
source: ch4/src/pass/explicate_control.rs
expression: result.to_string_pretty()
---
locals: {x.0: Int, y.1: Int, (tmp).0: Int, (tmp).1: Int, (tmp).2: Int, (tmp).3: Int}

start:
    x.0 = (read)
    y.1 = (+ 2 3)
    (tmp).0 = (read)
    (tmp).1 = (- (tmp).0)
    (tmp).2 = (- 2)
    (tmp).3 = (+ y.1 (tmp).2)
    return (+ (tmp).1 (tmp).3)

