---
source: ch4/src/pass/interference.rs
expression: "format!(\"{:?}\", result.info)"

---
graph {
    0 [ label = "rax" ]
    1 [ label = "rsp" ]
    2 [ label = "z.0" ]
    3 [ label = "rcx" ]
    4 [ label = "rdx" ]
    5 [ label = "rsi" ]
    6 [ label = "rdi" ]
    7 [ label = "r8" ]
    8 [ label = "r9" ]
    9 [ label = "r10" ]
    10 [ label = "r11" ]
    11 [ label = "x.0" ]
    12 [ label = "y.0" ]
    0 -- 1 [ ]
    0 -- 2 [ ]
    3 -- 1 [ ]
    3 -- 0 [ ]
    3 -- 2 [ ]
    4 -- 1 [ ]
    4 -- 0 [ ]
    4 -- 2 [ ]
    5 -- 1 [ ]
    5 -- 0 [ ]
    5 -- 2 [ ]
    6 -- 1 [ ]
    6 -- 0 [ ]
    6 -- 2 [ ]
    7 -- 1 [ ]
    7 -- 0 [ ]
    7 -- 2 [ ]
    8 -- 1 [ ]
    8 -- 0 [ ]
    8 -- 2 [ ]
    9 -- 1 [ ]
    9 -- 0 [ ]
    9 -- 2 [ ]
    10 -- 1 [ ]
    10 -- 0 [ ]
    10 -- 2 [ ]
    11 -- 1 [ ]
    11 -- 2 [ ]
    0 -- 11 [ ]
    3 -- 11 [ ]
    4 -- 11 [ ]
    5 -- 11 [ ]
    6 -- 11 [ ]
    7 -- 11 [ ]
    8 -- 11 [ ]
    9 -- 11 [ ]
    10 -- 11 [ ]
    12 -- 1 [ ]
    12 -- 2 [ ]
    12 -- 11 [ ]
}

