---
source: ch4/src/pass/remove_complex_operands.rs
expression: result.to_string_pretty()
---
(let
 [a.2
  (let
   [x.0 (read)]
   (let
    [y.1 (- x.0)]
    (let
     [(tmp).0 (- y.1)]
     (let
      [(tmp).1 (+ x.0 (tmp).0)]
      (+ (tmp).1 7)))))]
 (- a.2))
