---
source: ch6/src/pass/interference.rs
expression: "format!(\"{:?}\", result.info)"
---
graph {
    0 [ label = "x.0" ]
    1 [ label = "w.0" ]
    2 [ label = "rdi" ]
    3 [ label = "rsp" ]
    4 [ label = "rbx" ]
    5 [ label = "rsi" ]
    6 [ label = "rax" ]
    7 [ label = "rcx" ]
    8 [ label = "rdx" ]
    9 [ label = "r8" ]
    10 [ label = "r9" ]
    11 [ label = "r10" ]
    12 [ label = "r11" ]
    13 [ label = "rbp" ]
    14 [ label = "r12" ]
    15 [ label = "r13" ]
    16 [ label = "r14" ]
    17 [ label = "r15" ]
    2 -- 3 [ ]
    2 -- 4 [ ]
    2 -- 0 [ ]
    5 -- 3 [ ]
    5 -- 4 [ ]
    5 -- 2 [ ]
    5 -- 0 [ ]
    1 -- 3 [ ]
    1 -- 5 [ ]
    1 -- 2 [ ]
    1 -- 0 [ ]
    6 -- 3 [ ]
    6 -- 0 [ ]
    6 -- 1 [ ]
    7 -- 3 [ ]
    7 -- 6 [ ]
    7 -- 0 [ ]
    7 -- 1 [ ]
    8 -- 3 [ ]
    8 -- 6 [ ]
    8 -- 0 [ ]
    8 -- 1 [ ]
    5 -- 6 [ ]
    2 -- 6 [ ]
    9 -- 3 [ ]
    9 -- 6 [ ]
    9 -- 0 [ ]
    9 -- 1 [ ]
    10 -- 3 [ ]
    10 -- 6 [ ]
    10 -- 0 [ ]
    10 -- 1 [ ]
    11 -- 3 [ ]
    11 -- 6 [ ]
    11 -- 0 [ ]
    11 -- 1 [ ]
    12 -- 3 [ ]
    12 -- 6 [ ]
    12 -- 0 [ ]
    12 -- 1 [ ]
    3 -- 0 [ ]
    13 -- 0 [ ]
    4 -- 0 [ ]
    14 -- 0 [ ]
    15 -- 0 [ ]
    16 -- 0 [ ]
    17 -- 0 [ ]
}

