---
source: ch5/src/lib.rs
expression: prog
---
extern rt_read_int, rt_print_int, rt_print_str, rt_print_bool
extern rt_print_newline, rt_initialize, rt_allocate, rt_new_string
extern rt_rootstack_begin
section .text

    global _start
_start:
    push rbp
    mov rbp, rsp
    sub rsp, 8
    push rbx
    call rt_read_int
    mov rbx, rax
    cmp rbx, 3
    jge block4
    mov rbx, 77

block3:
    cmp rbx, 10
    sete al
    movzx rbx, al
    cmp rbx, 0
    je block2
    mov rbx, 2

block0:
    mov rdi, rbx
    call rt_print_int
    call rt_print_newline
    pop rbx
    mov rsp, rbp
    pop rbp
    mov rax, 60
    mov rdi, 0
    syscall

block2:
    mov rbx, 41
    jmp block0

block4:
    mov rbx, 10
    jmp block3

