---
source: ch5/src/pass/instruction_selection.rs
expression: result.to_string_pretty()
---
locals: {}

constants: {}

.start:
    call rt_read_int
    jmp .conclusion

